  Set: pp::colors
  Set: pp::unicode
  Assumed: x : BB
variable x : BB
