  Set: pp::colors
  Set: pp::unicode
  Imported 'specialfn'
  Assumed: x : ℝ
sin x
sin (x + -1 * (π / 2))
sin x / sin (x + -1 * (π / 2))
sin (x + -1 * (π / 2)) / sin x
1 / sin (x + -1 * (π / 2))
1 / sin x
