  Set: pp::colors
  Set: pp::unicode
  Imported 'Int'
  Assumed: f : ∀ (A : Type), A → A
  Assumed: a : ℤ
  Defined: tst : Bool
