  Set: pp::colors
  Set: pp::unicode
  Imported 'Int'
  Assumed: g : ∀ (A : Type), A → A
  Assumed: a : ℤ
  Assumed: b : ℤ
  Assumed: H1 : a = b
  Assumed: H2 : g a > 0
  Proved: T1 : g b > 0
axiom H2 : g a > 0
theorem T1 : g b > 0 := substp (λ x : ℤ, g x > 0) H2 H1
