  Set: pp::colors
  Set: pp::unicode
  Assumed: a : Bool
  Assumed: b : Bool
  Assumed: c : Bool
  Assumed: H : a ∨ b
  Proved: T : ∀ (a b : Bool), a ∨ b → b ∨ a
