  Set: pp::colors
  Set: pp::unicode
  Imported 'tactic'
  Assumed: vec : ℕ → Type
  Assumed: concat : ∀ (n m : ℕ), vec n → vec m → vec (n + m)
  Assumed: concat_assoc : ∀ (n1 n2 n3 : ℕ) (v1 : vec n1) (v2 : vec n2) (v3 : vec n3),
  v1 ; v2 ; v3 =
  cast (eqt_elim (trans (heq_congr (refl (vec (n1 + (n2 + n3)))) (congr2 vec (Nat::add_assoc n1 n2 n3)))
                        (heq_id Type (vec (n1 + (n2 + n3))))))
       (v1 ; (v2 ; v3))
  Assumed: empty : vec 0
  Assumed: concat_empty : ∀ (n : ℕ) (v : vec n),
  v ; empty = cast (eqt_elim (trans (heq_congr (refl (vec n)) (congr2 vec (Nat::add_zeror n))) (heq_id Type (vec n)))) v
∀ (n : ℕ) (v : vec (n + 0)) (w : vec n), v = w ; empty
====>
∀ (n : ℕ) (v w : vec n), v = w

λ n : ℕ, ∃ (v : vec (n + 0)) (w : vec n), v ≠ w ; empty
====>
λ n : ℕ, ∃ v w : vec n, ¬ v = w
