  Set: pp::colors
  Set: pp::unicode
  Assumed: f : ∀ (A : Type) (a : A) (B : Type), A → B → A
  Assumed: g : ∀ (A B : Type) (a : A) (C : Type), B → C → C
10 ; ⊤ ; ⊥ : Bool
10 ; 10 ; ⊤ : ℕ
  Set: lean::pp::notation
g 10 ⊤ ⊥ : Bool
f 10 10 ⊤ : ℕ
  Set: lean::pp::implicit
@g ℕ Bool 10 Bool ⊤ ⊥ : Bool
@f ℕ 10 Bool 10 ⊤ : ℕ
