  Set: pp::colors
  Set: pp::unicode
  Imported 'Int'
  Imported 'Real'
  Assumed: f : ∀ (A : Type), A → A → A
  Assumed: g : ℤ → ℤ → ℤ
  Assumed: h : ℤ → ℤ → ℝ → ℤ
  Assumed: p : ∀ (A B : Type), A → A → B → A
  Assumed: p2 : ∀ (A B : Type) (a1 a2 : A) (b : B) (C : Type), C → A
The denotation(s) for the existing notation:
  infix ++
have been replaced with the new denotation:
  @p2
because they conflict on how implicit arguments are used.
