  Set: pp::colors
  Set: pp::unicode
  Imported 'macros'
  Imported 'tactic'
  Using: Nat
  Defined: dvd : ℕ → ℕ → Bool
  Proved: dvd_elim : ∀ (a b : ℕ), a | b → (∃ c : ℕ, a * c = b)
  Proved: dvd_intro : ∀ (a b c : ℕ), a * c = b → a | b
  Proved: dvd_trans : ∀ (a b c : ℕ), a | b → b | c → a | c
  Defined: prime : ℕ → Bool
  Proved: not_prime_eq : ∀ (n : ℕ), n ≥ 2 → ¬ prime n → (∃ m : ℕ, m | n ∧ m ≠ 1 ∧ m ≠ n)
