  Set: pp::colors
  Set: pp::unicode
  Imported 'Int'
  Assumed: a : ℤ
  Assumed: b : ℤ
⟨pp::unicode ↦ true, pp::colors ↦ false⟩
⟨pp::unicode ↦ true, pp::colors ↦ false⟩
⟨pp::unicode ↦ true, pp::colors ↦ false⟩
Int::add a b
λ x : ℤ, a + x
⟨pp::unicode ↦ true, pp::colors ↦ false⟩
⟨pp::unicode ↦ true, pp::colors ↦ false⟩
variable a : ℤ
variable b : ℤ
