  Set: pp::colors
  Set: pp::unicode
  Imported 'Int'
  Assumed: x : ℤ
type of x is ℤ
x + y : ℤ
