  Set: pp::colors
  Set: pp::unicode
  Imported 'Int'
  Assumed: x : ℤ
x : ℤ, y : ℤ
variable x : ℤ
nil
