  Set: pp::colors
  Set: pp::unicode
  Imported 'tactic'
  Assumed: list : Type → Type
  Assumed: nil : ∀ A : Type, list A
  Assumed: cons : ∀ (A : Type), A → list A → list A
  Assumed: map : ∀ (A B : Type), (A → B) → list A → list B
  Assumed: map_cons : ∀ (A B : Type) (f : A → B) (a : A) (l : list A), map f (cons a l) = cons (f a) (map f l)
  Assumed: map_nil : ∀ (A B : Type) (f : A → B), map f nil = nil
Visit, depth: 1
Visit, depth: 2
Step: 2
Visit, depth: 2
Visit, depth: 3
Step: 3
Visit, depth: 3
Visit, depth: 4
Visit, depth: 5
Visit, depth: 5
Step: 5
Visit, depth: 5
Step: 4
Step: 3
Visit, depth: 3
Visit, depth: 4
Step: 4
Visit, depth: 4
Visit, depth: 4
Visit, depth: 5
Visit, depth: 5
Visit, depth: 6
Step: 6
Step: 5
Step: 4
Step: 3
Rewrite using: map_cons
Visit, depth: 3
Visit, depth: 4
Visit, depth: 5
Visit, depth: 5
Step: 4
Visit, depth: 4
Rewrite using: map_cons
Visit, depth: 5
Visit, depth: 6
Visit, depth: 7
Visit, depth: 7
Step: 6
Visit, depth: 6
Rewrite using: map_nil
Step: 6
Visit, depth: 6
Visit, depth: 7
Step: 6
Step: 5
Step: 4
Visit, depth: 4
Visit, depth: 5
Step: 4
Step: 3
Step: 2
Rewrite using: eq_id
Visit, depth: 2
Step: 2
Step: 1
  Proved: T1 : map (λ x : ℕ, x + 1) (cons 1 (cons 2 nil)) = cons 2 (cons 3 nil)
