  Set: pp::colors
  Set: pp::unicode
  Assumed: matrix : ℕ → ℕ → Type
  Assumed: mul : ∀ (m n p : ℕ), matrix n m → matrix m p → matrix n p
  Assumed: mul_assoc : ∀ (m n p o : ℕ) (M : matrix n m) (N : matrix m p) (P : matrix p o), M * (N * P) = M * N * P
  Assumed: m1 : matrix 2 3
  Assumed: m2 : matrix 3 4
  Assumed: m3 : matrix 4 2
  Assumed: m4 : matrix 2 6
before simp: m1 * (m2 * (m3 * m4))
after simp:  m1 * m2 * m3 * m4
