  Set: pp::colors
  Set: pp::unicode
  Assumed: N : Type
  Assumed: f : Bool → Bool → Bool
  Assumed: g : N → N → N
⊤ ++ ⊥ ++ ⊤
  Set: lean::pp::notation
f (f ⊤ ⊥) ⊤
  Assumed: a : N
  Assumed: b : N
g (g a b) a
f (f ⊤ ⊥) ⊥
