  Set: pp::colors
  Set: pp::unicode
  Assumed: A : (Type U)
  Assumed: B : (Type U)
  Assumed: t1 : A ⨯ B
  Assumed: t2 : A ⨯ B
  Assumed: pair_Ax : ∀ (A : (Type U)) (B : A → (Type U)) (p : sig x : A, B x), (pair (proj1 p) (proj2 p) : (sig x : A, B x)) = p
  Proved: spairext : ∀ (A B : (Type U)) (p1 p2 : A ⨯ B), proj1 p1 = proj1 p2 → proj2 p1 = proj2 p2 → p1 = p2
