  Set: pp::colors
  Set: pp::unicode
  Assumed: a : Bool
  Assumed: b : Bool
  Assumed: c : Bool
  Assumed: d : Bool
  Assumed: e : Bool
  Assumed: f : Bool
(f ∧ e) ∧ (d ∧ c) ∧ b ∧ a
====>
a ∧ b ∧ c ∧ d ∧ e ∧ f
