  Set: pp::colors
  Set: pp::unicode
  Assumed: vec : ℕ → Type
  Assumed: n : ℕ
vec n = vec (n + 0)
===>
⊤
trans (congr2 (eq (vec n)) (congr2 vec (Nat::add_zeror n))) (eq_id (vec n))
