  Set: pp::colors
  Set: pp::unicode
  Assumed: a : ℕ
  Assumed: b : ℕ
  Assumed: f : (ℕ → ℕ) → ℕ
  Assumed: g : ℕ → ℕ
λ x x2 : ℕ, (∀ y : ℕ, g y = x) → x > x2 + x
funext (λ x : ℕ,
          funext (λ x2 : ℕ,
                    imp_congr
                        (refl (∀ y : ℕ, g y = x))
                        (λ C::4 : ∀ y : ℕ, g y = x,
                           congr (congr2 Nat::gt (C::4 (a + x + b))) (congr2 (Nat::add x2) (C::4 x)))))
