  Set: pp::colors
  Set: pp::unicode
  Assumed: vec : ℕ → Type
  Assumed: concat : ∀ (n m : ℕ), vec n → vec m → vec (n + m)
  Assumed: concat_assoc : ∀ (n1 n2 n3 : ℕ) (v1 : vec n1) (v2 : vec n2) (v3 : vec n3),
  v1 ; v2 ; v3 = cast (to_heq (congr2 vec (symm (Nat::add_assoc n1 n2 n3)))) (v1 ; (v2 ; v3))
  Assumed: empty : vec 0
  Assumed: concat_empty : ∀ (n : ℕ) (v : vec n), v ; empty = cast (to_heq (congr2 vec (symm (Nat::add_zeror n)))) v
  Defined: TypeM : (Type M+1)
  Assumed: n : ℕ
  Assumed: v : vec n
  Assumed: w : vec n
  Assumed: f : ∀ (A : TypeM), A → A
f (v ; w ; empty ; (v ; empty))
===>
f (v ; w ; empty ; (v ; empty))
refl (f (v ; w ; empty ; (v ; empty)))
After disabling Nat::add_comm
f (v ; w ; empty ; (v ; empty))
===>
f (v ; (w ; v))
hcongr (hcongr (hrefl @f)
               (to_heq (congr2 vec
                               (trans (congr (congr2 Nat::add (Nat::add_zeror (n + n))) (Nat::add_zeror n))
                                      (Nat::add_assoc n n n)))))
       (htrans (htrans (hcongr (hcongr (hcongr (hcongr (hrefl @concat) (to_heq (Nat::add_zeror (n + n))))
                                               (to_heq (Nat::add_zeror n)))
                                       (htrans (to_heq (concat_empty (v ; w)))
                                               (cast_heq (to_heq (congr2 vec (symm (Nat::add_zeror (n + n)))))
                                                         (v ; w))))
                               (htrans (to_heq (concat_empty v))
                                       (cast_heq (to_heq (congr2 vec (symm (Nat::add_zeror n)))) v)))
                       (to_heq (concat_assoc v w v)))
               (cast_heq (to_heq (congr2 vec (symm (Nat::add_assoc n n n)))) (v ; (w ; v))))
