  Set: pp::colors
  Set: pp::unicode
  Assumed: vec : ℕ → Type
  Assumed: concat : ∀ (n m : ℕ), vec n → vec m → vec (n + m)
  Assumed: concat_assoc : ∀ (n1 n2 n3 : ℕ) (v1 : vec n1) (v2 : vec n2) (v3 : vec n3),
  v1 ; v2 ; v3 = cast (to_heq (congr2 vec (symm (Nat::add_assoc n1 n2 n3)))) (v1 ; (v2 ; v3))
  Assumed: empty : vec 0
  Assumed: concat_empty : ∀ (n : ℕ) (v : vec n), v ; empty = cast (to_heq (congr2 vec (symm (Nat::add_zeror n)))) v
  Assumed: f : ∀ (A : Type), A → A
λ val : ℕ, ((λ (n : ℕ) (v : vec (n + 0)), f v ; empty) val) == ((λ (n : ℕ) (v : vec (n + 0)), v) val)
=====>
λ val : ℕ, f == (λ v : vec val, v)
