  Set: pp::colors
  Set: pp::unicode
  Assumed: p : Bool
  Assumed: q : Bool
  Assumed: r : Bool
  Proved: T1 : p → p ∧ q → r → q ∧ r ∧ p
theorem T1 (H : p) (H::1 : p ∧ q) (H::2 : r) : q ∧ r ∧ p := and_intro (and_elimr H::1) (and_intro H::2 H)
