  Set: pp::colors
  Set: pp::unicode
  Assumed: p : Bool
  Assumed: q : Bool
  Assumed: r : Bool
theorem T1 (H : p) (H::1 : q) : p âˆ§ q := and_intro H H::1
