  Set: pp::colors
  Set: pp::unicode
  Assumed: f : ∀ (A : Type), A → Bool
λ (A B : Type) (a : B), f B a
Failed to solve
A : Type, a : ?M::0, B : Type ⊢ ?M::0[lift:0 2] ≺ B
    tst7.lean:4:42: In the application
        f B a
    the type of
        a
    is
        ?M::0[lift:0 2]
    but is expected to be
        B
  Assumed: myeq : ∀ (A : (Type U)), A → A → Bool
myeq (∀ (A : Type), A → A) (λ (A : Type) (a : A), a) (λ (B : Type) (b : B), b)
myeq (∀ (A : Type), A → A) (λ (A : Type) (a : A), a) (λ (B : Type) (b : B), b) : Bool
  Assumed: R : Type → Bool
  Assumed: h : (∀ A : Type, R A) → Bool
λ (H : Bool) (f1 g1 : ∀ A : Type, R A) (G : ∀ A : Type, myeq (R A) (f1 A) (g1 A)), h f1 :
    Bool → (∀ (f1 g1 : ∀ A : Type, R A), (∀ A : Type, myeq (R A) (f1 A) (g1 A)) → Bool)
