  Set: pp::colors
  Set: pp::unicode
  Imported 'tactic'
  Imported 'macros'
  Assumed: f : ℕ → ℕ
  Assumed: g : ℕ → ℕ
  Assumed: Ax1 : ∀ a : ℕ, f a = g a
  Assumed: Ax2 : ∀ a : ℕ, g a = f a
simp_loop.lean:13:1: error: deep recursion was detected at 'simplifier', this is probably due to a non-terminating set of rewrite rules, you may use a simplifier_monitor object to track the simplifier behavior (see the simplifier manual); if your problem is very big, you may try to increase stack space in your system
